Archive member included because of file (symbol)

/root/toolchain/gcc-arm-none-eabi-4_9-2014q4/bin/../lib/gcc/arm-none-eabi/4.9.3/../../../../arm-none-eabi/lib/libc_nano.a(lib_a-exit.o)
                              /root/toolchain/gcc-arm-none-eabi-4_9-2014q4/bin/../lib/gcc/arm-none-eabi/4.9.3/../../../../arm-none-eabi/lib/crt0.o (exit)
/root/toolchain/gcc-arm-none-eabi-4_9-2014q4/bin/../lib/gcc/arm-none-eabi/4.9.3/../../../../arm-none-eabi/lib/libc_nano.a(lib_a-impure.o)
                              /root/toolchain/gcc-arm-none-eabi-4_9-2014q4/bin/../lib/gcc/arm-none-eabi/4.9.3/../../../../arm-none-eabi/lib/libc_nano.a(lib_a-exit.o) (_global_impure_ptr)
/root/toolchain/gcc-arm-none-eabi-4_9-2014q4/bin/../lib/gcc/arm-none-eabi/4.9.3/../../../../arm-none-eabi/lib/libc_nano.a(lib_a-init.o)
                              /root/toolchain/gcc-arm-none-eabi-4_9-2014q4/bin/../lib/gcc/arm-none-eabi/4.9.3/../../../../arm-none-eabi/lib/crt0.o (__libc_init_array)
/root/toolchain/gcc-arm-none-eabi-4_9-2014q4/bin/../lib/gcc/arm-none-eabi/4.9.3/../../../../arm-none-eabi/lib/libc_nano.a(lib_a-memset.o)
                              /root/toolchain/gcc-arm-none-eabi-4_9-2014q4/bin/../lib/gcc/arm-none-eabi/4.9.3/../../../../arm-none-eabi/lib/crt0.o (memset)

Discarded input sections

 .text          0x00000000        0x0 /root/toolchain/gcc-arm-none-eabi-4_9-2014q4/bin/../lib/gcc/arm-none-eabi/4.9.3/crti.o
 .data          0x00000000        0x0 /root/toolchain/gcc-arm-none-eabi-4_9-2014q4/bin/../lib/gcc/arm-none-eabi/4.9.3/crti.o
 .bss           0x00000000        0x0 /root/toolchain/gcc-arm-none-eabi-4_9-2014q4/bin/../lib/gcc/arm-none-eabi/4.9.3/crti.o
 .init          0x00000000        0xc /root/toolchain/gcc-arm-none-eabi-4_9-2014q4/bin/../lib/gcc/arm-none-eabi/4.9.3/crti.o
 .fini          0x00000000        0xc /root/toolchain/gcc-arm-none-eabi-4_9-2014q4/bin/../lib/gcc/arm-none-eabi/4.9.3/crti.o
 .ARM.attributes
                0x00000000       0x16 /root/toolchain/gcc-arm-none-eabi-4_9-2014q4/bin/../lib/gcc/arm-none-eabi/4.9.3/crti.o
 .text          0x00000000       0x98 /root/toolchain/gcc-arm-none-eabi-4_9-2014q4/bin/../lib/gcc/arm-none-eabi/4.9.3/crtbegin.o
 .data          0x00000000        0x4 /root/toolchain/gcc-arm-none-eabi-4_9-2014q4/bin/../lib/gcc/arm-none-eabi/4.9.3/crtbegin.o
 .bss           0x00000000       0x1c /root/toolchain/gcc-arm-none-eabi-4_9-2014q4/bin/../lib/gcc/arm-none-eabi/4.9.3/crtbegin.o
 .init_array    0x00000000        0x4 /root/toolchain/gcc-arm-none-eabi-4_9-2014q4/bin/../lib/gcc/arm-none-eabi/4.9.3/crtbegin.o
 .fini_array    0x00000000        0x4 /root/toolchain/gcc-arm-none-eabi-4_9-2014q4/bin/../lib/gcc/arm-none-eabi/4.9.3/crtbegin.o
 .eh_frame      0x00000000        0x0 /root/toolchain/gcc-arm-none-eabi-4_9-2014q4/bin/../lib/gcc/arm-none-eabi/4.9.3/crtbegin.o
 .jcr           0x00000000        0x0 /root/toolchain/gcc-arm-none-eabi-4_9-2014q4/bin/../lib/gcc/arm-none-eabi/4.9.3/crtbegin.o
 .ARM.attributes
                0x00000000       0x30 /root/toolchain/gcc-arm-none-eabi-4_9-2014q4/bin/../lib/gcc/arm-none-eabi/4.9.3/crtbegin.o
 .text          0x00000000      0x114 /root/toolchain/gcc-arm-none-eabi-4_9-2014q4/bin/../lib/gcc/arm-none-eabi/4.9.3/../../../../arm-none-eabi/lib/crt0.o
 .data          0x00000000        0x0 /root/toolchain/gcc-arm-none-eabi-4_9-2014q4/bin/../lib/gcc/arm-none-eabi/4.9.3/../../../../arm-none-eabi/lib/crt0.o
 .bss           0x00000000        0x0 /root/toolchain/gcc-arm-none-eabi-4_9-2014q4/bin/../lib/gcc/arm-none-eabi/4.9.3/../../../../arm-none-eabi/lib/crt0.o
 .ARM.extab     0x00000000        0x0 /root/toolchain/gcc-arm-none-eabi-4_9-2014q4/bin/../lib/gcc/arm-none-eabi/4.9.3/../../../../arm-none-eabi/lib/crt0.o
 .ARM.exidx     0x00000000        0x8 /root/toolchain/gcc-arm-none-eabi-4_9-2014q4/bin/../lib/gcc/arm-none-eabi/4.9.3/../../../../arm-none-eabi/lib/crt0.o
 .ARM.attributes
                0x00000000       0x14 /root/toolchain/gcc-arm-none-eabi-4_9-2014q4/bin/../lib/gcc/arm-none-eabi/4.9.3/../../../../arm-none-eabi/lib/crt0.o
 .data          0x00000000        0x0 main.o
 .bss           0x00000000        0x0 main.o
 .data          0x00000000        0x0 startup.o
 .bss           0x00000000        0x0 startup.o
 .text          0x00000000        0x0 /root/toolchain/gcc-arm-none-eabi-4_9-2014q4/bin/../lib/gcc/arm-none-eabi/4.9.3/../../../../arm-none-eabi/lib/libc_nano.a(lib_a-exit.o)
 .data          0x00000000        0x0 /root/toolchain/gcc-arm-none-eabi-4_9-2014q4/bin/../lib/gcc/arm-none-eabi/4.9.3/../../../../arm-none-eabi/lib/libc_nano.a(lib_a-exit.o)
 .bss           0x00000000        0x0 /root/toolchain/gcc-arm-none-eabi-4_9-2014q4/bin/../lib/gcc/arm-none-eabi/4.9.3/../../../../arm-none-eabi/lib/libc_nano.a(lib_a-exit.o)
 .text.exit     0x00000000       0x40 /root/toolchain/gcc-arm-none-eabi-4_9-2014q4/bin/../lib/gcc/arm-none-eabi/4.9.3/../../../../arm-none-eabi/lib/libc_nano.a(lib_a-exit.o)
 .debug_frame   0x00000000       0x28 /root/toolchain/gcc-arm-none-eabi-4_9-2014q4/bin/../lib/gcc/arm-none-eabi/4.9.3/../../../../arm-none-eabi/lib/libc_nano.a(lib_a-exit.o)
 .ARM.attributes
                0x00000000       0x30 /root/toolchain/gcc-arm-none-eabi-4_9-2014q4/bin/../lib/gcc/arm-none-eabi/4.9.3/../../../../arm-none-eabi/lib/libc_nano.a(lib_a-exit.o)
 .text          0x00000000        0x0 /root/toolchain/gcc-arm-none-eabi-4_9-2014q4/bin/../lib/gcc/arm-none-eabi/4.9.3/../../../../arm-none-eabi/lib/libc_nano.a(lib_a-impure.o)
 .data          0x00000000        0x0 /root/toolchain/gcc-arm-none-eabi-4_9-2014q4/bin/../lib/gcc/arm-none-eabi/4.9.3/../../../../arm-none-eabi/lib/libc_nano.a(lib_a-impure.o)
 .bss           0x00000000        0x0 /root/toolchain/gcc-arm-none-eabi-4_9-2014q4/bin/../lib/gcc/arm-none-eabi/4.9.3/../../../../arm-none-eabi/lib/libc_nano.a(lib_a-impure.o)
 .data.impure_data
                0x00000000       0x60 /root/toolchain/gcc-arm-none-eabi-4_9-2014q4/bin/../lib/gcc/arm-none-eabi/4.9.3/../../../../arm-none-eabi/lib/libc_nano.a(lib_a-impure.o)
 .data._impure_ptr
                0x00000000        0x4 /root/toolchain/gcc-arm-none-eabi-4_9-2014q4/bin/../lib/gcc/arm-none-eabi/4.9.3/../../../../arm-none-eabi/lib/libc_nano.a(lib_a-impure.o)
 .rodata.str1.1
                0x00000000        0x2 /root/toolchain/gcc-arm-none-eabi-4_9-2014q4/bin/../lib/gcc/arm-none-eabi/4.9.3/../../../../arm-none-eabi/lib/libc_nano.a(lib_a-impure.o)
 .rodata._global_impure_ptr
                0x00000000        0x4 /root/toolchain/gcc-arm-none-eabi-4_9-2014q4/bin/../lib/gcc/arm-none-eabi/4.9.3/../../../../arm-none-eabi/lib/libc_nano.a(lib_a-impure.o)
 .ARM.attributes
                0x00000000       0x30 /root/toolchain/gcc-arm-none-eabi-4_9-2014q4/bin/../lib/gcc/arm-none-eabi/4.9.3/../../../../arm-none-eabi/lib/libc_nano.a(lib_a-impure.o)
 .text          0x00000000        0x0 /root/toolchain/gcc-arm-none-eabi-4_9-2014q4/bin/../lib/gcc/arm-none-eabi/4.9.3/../../../../arm-none-eabi/lib/libc_nano.a(lib_a-init.o)
 .data          0x00000000        0x0 /root/toolchain/gcc-arm-none-eabi-4_9-2014q4/bin/../lib/gcc/arm-none-eabi/4.9.3/../../../../arm-none-eabi/lib/libc_nano.a(lib_a-init.o)
 .bss           0x00000000        0x0 /root/toolchain/gcc-arm-none-eabi-4_9-2014q4/bin/../lib/gcc/arm-none-eabi/4.9.3/../../../../arm-none-eabi/lib/libc_nano.a(lib_a-init.o)
 .text.__libc_init_array
                0x00000000       0x88 /root/toolchain/gcc-arm-none-eabi-4_9-2014q4/bin/../lib/gcc/arm-none-eabi/4.9.3/../../../../arm-none-eabi/lib/libc_nano.a(lib_a-init.o)
 .debug_frame   0x00000000       0x34 /root/toolchain/gcc-arm-none-eabi-4_9-2014q4/bin/../lib/gcc/arm-none-eabi/4.9.3/../../../../arm-none-eabi/lib/libc_nano.a(lib_a-init.o)
 .ARM.attributes
                0x00000000       0x30 /root/toolchain/gcc-arm-none-eabi-4_9-2014q4/bin/../lib/gcc/arm-none-eabi/4.9.3/../../../../arm-none-eabi/lib/libc_nano.a(lib_a-init.o)
 .text          0x00000000        0x0 /root/toolchain/gcc-arm-none-eabi-4_9-2014q4/bin/../lib/gcc/arm-none-eabi/4.9.3/../../../../arm-none-eabi/lib/libc_nano.a(lib_a-memset.o)
 .data          0x00000000        0x0 /root/toolchain/gcc-arm-none-eabi-4_9-2014q4/bin/../lib/gcc/arm-none-eabi/4.9.3/../../../../arm-none-eabi/lib/libc_nano.a(lib_a-memset.o)
 .bss           0x00000000        0x0 /root/toolchain/gcc-arm-none-eabi-4_9-2014q4/bin/../lib/gcc/arm-none-eabi/4.9.3/../../../../arm-none-eabi/lib/libc_nano.a(lib_a-memset.o)
 .text.memset   0x00000000       0x18 /root/toolchain/gcc-arm-none-eabi-4_9-2014q4/bin/../lib/gcc/arm-none-eabi/4.9.3/../../../../arm-none-eabi/lib/libc_nano.a(lib_a-memset.o)
 .debug_frame   0x00000000       0x20 /root/toolchain/gcc-arm-none-eabi-4_9-2014q4/bin/../lib/gcc/arm-none-eabi/4.9.3/../../../../arm-none-eabi/lib/libc_nano.a(lib_a-memset.o)
 .ARM.attributes
                0x00000000       0x30 /root/toolchain/gcc-arm-none-eabi-4_9-2014q4/bin/../lib/gcc/arm-none-eabi/4.9.3/../../../../arm-none-eabi/lib/libc_nano.a(lib_a-memset.o)
 .text          0x00000000        0x0 /root/toolchain/gcc-arm-none-eabi-4_9-2014q4/bin/../lib/gcc/arm-none-eabi/4.9.3/crtend.o
 .data          0x00000000        0x0 /root/toolchain/gcc-arm-none-eabi-4_9-2014q4/bin/../lib/gcc/arm-none-eabi/4.9.3/crtend.o
 .bss           0x00000000        0x0 /root/toolchain/gcc-arm-none-eabi-4_9-2014q4/bin/../lib/gcc/arm-none-eabi/4.9.3/crtend.o
 .eh_frame      0x00000000        0x4 /root/toolchain/gcc-arm-none-eabi-4_9-2014q4/bin/../lib/gcc/arm-none-eabi/4.9.3/crtend.o
 .jcr           0x00000000        0x4 /root/toolchain/gcc-arm-none-eabi-4_9-2014q4/bin/../lib/gcc/arm-none-eabi/4.9.3/crtend.o
 .ARM.attributes
                0x00000000       0x30 /root/toolchain/gcc-arm-none-eabi-4_9-2014q4/bin/../lib/gcc/arm-none-eabi/4.9.3/crtend.o
 .text          0x00000000        0x0 /root/toolchain/gcc-arm-none-eabi-4_9-2014q4/bin/../lib/gcc/arm-none-eabi/4.9.3/crtn.o
 .data          0x00000000        0x0 /root/toolchain/gcc-arm-none-eabi-4_9-2014q4/bin/../lib/gcc/arm-none-eabi/4.9.3/crtn.o
 .bss           0x00000000        0x0 /root/toolchain/gcc-arm-none-eabi-4_9-2014q4/bin/../lib/gcc/arm-none-eabi/4.9.3/crtn.o
 .init          0x00000000        0xc /root/toolchain/gcc-arm-none-eabi-4_9-2014q4/bin/../lib/gcc/arm-none-eabi/4.9.3/crtn.o
 .fini          0x00000000        0xc /root/toolchain/gcc-arm-none-eabi-4_9-2014q4/bin/../lib/gcc/arm-none-eabi/4.9.3/crtn.o
 .ARM.attributes
                0x00000000       0x18 /root/toolchain/gcc-arm-none-eabi-4_9-2014q4/bin/../lib/gcc/arm-none-eabi/4.9.3/crtn.o

Memory Configuration

Name             Origin             Length             Attributes
INTERRUPTS       0x00000000         0x00000100         xr
FLASH_CONFIG     0x00000400         0x00000010         xr
TEXT             0x00000410         0x0003fbf0         xr
RAM              0x1fffe000         0x00008000         xrw
*default*        0x00000000         0xffffffff

Linker script and memory map

LOAD /root/toolchain/gcc-arm-none-eabi-4_9-2014q4/bin/../lib/gcc/arm-none-eabi/4.9.3/crti.o
LOAD /root/toolchain/gcc-arm-none-eabi-4_9-2014q4/bin/../lib/gcc/arm-none-eabi/4.9.3/crtbegin.o
LOAD /root/toolchain/gcc-arm-none-eabi-4_9-2014q4/bin/../lib/gcc/arm-none-eabi/4.9.3/../../../../arm-none-eabi/lib/crt0.o
                0x00000400                STACK_SIZE = DEFINED (__stack_size__)?__stack_size__:0x400

.interrupts     0x00000000       0xc0
 *(.isr_vector .isr_vector.*)
 .isr_vector    0x00000000       0xc0 startup.o
                0x00000000                g_pfnVectors

.flash_config   0x00000400       0x10
                0x00000400                . = ALIGN (0x4)
                0x00000400        0x4 LONG 0xffffffff
                0x00000404        0x4 LONG 0xffffffff
                0x00000408        0x4 LONG 0xffffffff
                0x0000040c        0x4 LONG 0xfffffffe

.text           0x00000410      0x2cc
 *(.text .text.* .gnu.linkonce.t.*)
 .text          0x00000410      0x184 main.o
                0x00000410                delay
                0x00000434                led_green_init
                0x00000470                led_green_toggle
                0x0000047c                led_red_init
                0x000004bc                led_red_toggle
                0x000004cc                read_sensor_state
                0x0000050c                update_output_lights
 .text.startup  0x00000594       0xe8 main.o
                0x00000594                main
 .text          0x0000067c       0x60 startup.o
                0x0000067c                HardFaultIntHandler
                0x0000067c                PendSVIntHandler
                0x0000067c                SysTickIntHandler
                0x0000067c                BusFaultIntHandler
                0x0000067c                NMIIntHandler
                0x0000067c                UsageFaultIntHandler
                0x0000067c                MemManageIntHandler
                0x0000067c                SVCIntHandler
                0x0000067c                DebugMonIntHandler
                0x00000680                RTCSIntHandler
                0x00000680                FTM1IntHandler
                0x00000680                USBOTGIntHandler
                0x00000680                UART0SEIntHandler
                0x00000680                UART2SEIntHandler
                0x00000680                FTM2IntHandler
                0x00000680                I2C1IntHandler
                0x00000680                PORTDIntHandler
                0x00000680                Default_ResetHandler
                0x00000680                DMA1IntHandler
                0x00000680                DACIntHandler
                0x00000680                ACMPIntHandler
                0x00000680                ResetHandler
                0x00000680                LVDIntHandler
                0x00000680                PORTAIntHandler
                0x00000680                SPI1IntHandler
                0x00000680                FTFAIntHandler
                0x00000680                UART1SEIntHandler
                0x00000680                ADCIntHandler
                0x00000680                DMA0IntHandler
                0x00000680                I2C0IntHandler
                0x00000680                FTM0IntHandler
                0x00000680                LLWUIntHandler
                0x00000680                MCGIntHandler
                0x00000680                RTCAIntHandler
                0x00000680                SPI0IntHandler
                0x00000680                TSIIntHandler
                0x00000680                LPTMRIntHandler
                0x00000680                PITIntHandler
                0x00000680                DMA3IntHandler
                0x00000680                DMA2IntHandler
 *(.glue_7t)
 .glue_7t       0x00000000        0x0 linker stubs
 *(.glue_7)
 .glue_7        0x00000000        0x0 linker stubs
 *(.rodata .rodata* .gnu.linkonce.r.*)

.vfp11_veneer   0x000006dc        0x0
 .vfp11_veneer  0x00000000        0x0 linker stubs

.v4_bx          0x000006dc        0x0
 .v4_bx         0x00000000        0x0 linker stubs

.iplt           0x000006dc        0x0
 .iplt          0x00000000        0x0 /root/toolchain/gcc-arm-none-eabi-4_9-2014q4/bin/../lib/gcc/arm-none-eabi/4.9.3/crtbegin.o

.rel.dyn        0x000006dc        0x0
 .rel.iplt      0x00000000        0x0 /root/toolchain/gcc-arm-none-eabi-4_9-2014q4/bin/../lib/gcc/arm-none-eabi/4.9.3/crtbegin.o

.ARM.extab
 *(.ARM.extab* .gnu.linkonce.armextab.*)

.ARM.exidx
 *(.ARM.exidx* .gnu.linkonce.armexidx.*)
                0x000006dc                . = ALIGN (0x4)
                0x000006dc                _etext = .
                0x000006dc                _sidata = .

.data           0x1fffe000        0x0 load address 0x000006dc
                0x1fffe000                _sdata = .
 *(.data .data.*)
                0x1fffe000                . = ALIGN (0x4)
                0x1fffe000                _edata = .

.igot.plt       0x1fffe000        0x0
 .igot.plt      0x00000000        0x0 /root/toolchain/gcc-arm-none-eabi-4_9-2014q4/bin/../lib/gcc/arm-none-eabi/4.9.3/crtbegin.o

.bss            0x1fffe000        0x0
                0x1fffe000                _sbss = .
 *(.bss .bss.*)
 *(COMMON)
                0x1fffe000                . = ALIGN (0x4)
                0x1fffe000                _ebss = .

.co_stack       0x1fffe000      0x400
                0x1fffe000                . = ALIGN (0x8)
                0x1fffe400                . = (. + STACK_SIZE)
 *fill*         0x1fffe000      0x400 
                0x1fffe400                _start_of_stack = .
                0x1fffe400                . = ALIGN (0x4)
                0x1fffe400                _end = .
LOAD main.o
LOAD startup.o
START GROUP
LOAD /root/toolchain/gcc-arm-none-eabi-4_9-2014q4/bin/../lib/gcc/arm-none-eabi/4.9.3/libgcc.a
LOAD /root/toolchain/gcc-arm-none-eabi-4_9-2014q4/bin/../lib/gcc/arm-none-eabi/4.9.3/../../../../arm-none-eabi/lib/libc_nano.a
END GROUP
START GROUP
LOAD /root/toolchain/gcc-arm-none-eabi-4_9-2014q4/bin/../lib/gcc/arm-none-eabi/4.9.3/libgcc.a
LOAD /root/toolchain/gcc-arm-none-eabi-4_9-2014q4/bin/../lib/gcc/arm-none-eabi/4.9.3/../../../../arm-none-eabi/lib/libc_nano.a
END GROUP
LOAD /root/toolchain/gcc-arm-none-eabi-4_9-2014q4/bin/../lib/gcc/arm-none-eabi/4.9.3/crtend.o
LOAD /root/toolchain/gcc-arm-none-eabi-4_9-2014q4/bin/../lib/gcc/arm-none-eabi/4.9.3/crtn.o
OUTPUT(main.elf elf32-littlearm)

.debug_info     0x00000000      0x71d
 .debug_info    0x00000000      0x61c main.o
 .debug_info    0x0000061c      0x101 startup.o

.debug_abbrev   0x00000000      0x2ce
 .debug_abbrev  0x00000000      0x1fe main.o
 .debug_abbrev  0x000001fe       0xd0 startup.o

.debug_loc      0x00000000      0x117
 .debug_loc     0x00000000      0x117 main.o

.debug_aranges  0x00000000       0x48
 .debug_aranges
                0x00000000       0x28 main.o
 .debug_aranges
                0x00000028       0x20 startup.o

.debug_ranges   0x00000000       0xc0
 .debug_ranges  0x00000000       0xc0 main.o

.debug_line     0x00000000      0x21a
 .debug_line    0x00000000      0x1cb main.o
 .debug_line    0x000001cb       0x4f startup.o

.debug_str      0x00000000      0x319
 .debug_str     0x00000000      0x29a main.o
                                0x2df (size before relaxing)
 .debug_str     0x0000029a       0x7f startup.o
                                0x120 (size before relaxing)

.comment        0x00000000       0x70
 .comment       0x00000000       0x70 main.o
                                 0x71 (size before relaxing)
 .comment       0x00000000       0x71 startup.o

.ARM.attributes
                0x00000000       0x2d
 .ARM.attributes
                0x00000000       0x32 main.o
 .ARM.attributes
                0x00000032       0x32 startup.o

.debug_frame    0x00000000       0xe8
 .debug_frame   0x00000000       0xb0 main.o
 .debug_frame   0x000000b0       0x38 startup.o
